// Jest Snapshot v1, https://goo.gl/fbAQLP

exports[`OE - Collapse renders with demoData 1`] = `
<button
  aria-controls="collapseExample"
  aria-expanded="false"
  autocomplete="off"
  class="btn btn-danger btn-md"
  data-bs-target="#collapseExample"
  data-bs-toggle="collapse"
  type="button"
>
  I am a button
</button>
`;
